###############################################################################
#
# IAR ELF Linker V7.80.1.11864/W32 for ARM                02/Aug/2019  17:55:00
# Copyright 2007-2016 IAR Systems AB.
#
#    Output file  =  
#        D:\seo\isenteck\해상풍력통합관제시스템\로컬전원장치\LocalPowerControl_App\EWARM\LocalPowerControl_App\Exe\LocalPowerControl_App.out
#    Map file     =  
#        D:\seo\isenteck\해상풍력통합관제시스템\로컬전원장치\LocalPowerControl_App\EWARM\LocalPowerControl_App\List\LocalPowerControl_App.map
#    Command line =  
#        D:\seo\isenteck\해상풍력통합관제시스템\로컬전원장치\LocalPowerControl_App\EWARM\LocalPowerControl_App\Obj\eeprom.o
#        D:\seo\isenteck\해상풍력통합관제시스템\로컬전원장치\LocalPowerControl_App\EWARM\LocalPowerControl_App\Obj\main.o
#        D:\seo\isenteck\해상풍력통합관제시스템\로컬전원장치\LocalPowerControl_App\EWARM\LocalPowerControl_App\Obj\startup_stm32f103xe.o
#        D:\seo\isenteck\해상풍력통합관제시스템\로컬전원장치\LocalPowerControl_App\EWARM\LocalPowerControl_App\Obj\stm32f1xx_hal.o
#        D:\seo\isenteck\해상풍력통합관제시스템\로컬전원장치\LocalPowerControl_App\EWARM\LocalPowerControl_App\Obj\stm32f1xx_hal_cortex.o
#        D:\seo\isenteck\해상풍력통합관제시스템\로컬전원장치\LocalPowerControl_App\EWARM\LocalPowerControl_App\Obj\stm32f1xx_hal_dma.o
#        D:\seo\isenteck\해상풍력통합관제시스템\로컬전원장치\LocalPowerControl_App\EWARM\LocalPowerControl_App\Obj\stm32f1xx_hal_flash.o
#        D:\seo\isenteck\해상풍력통합관제시스템\로컬전원장치\LocalPowerControl_App\EWARM\LocalPowerControl_App\Obj\stm32f1xx_hal_flash_ex.o
#        D:\seo\isenteck\해상풍력통합관제시스템\로컬전원장치\LocalPowerControl_App\EWARM\LocalPowerControl_App\Obj\stm32f1xx_hal_gpio.o
#        D:\seo\isenteck\해상풍력통합관제시스템\로컬전원장치\LocalPowerControl_App\EWARM\LocalPowerControl_App\Obj\stm32f1xx_hal_gpio_ex.o
#        D:\seo\isenteck\해상풍력통합관제시스템\로컬전원장치\LocalPowerControl_App\EWARM\LocalPowerControl_App\Obj\stm32f1xx_hal_iwdg.o
#        D:\seo\isenteck\해상풍력통합관제시스템\로컬전원장치\LocalPowerControl_App\EWARM\LocalPowerControl_App\Obj\stm32f1xx_hal_msp.o
#        D:\seo\isenteck\해상풍력통합관제시스템\로컬전원장치\LocalPowerControl_App\EWARM\LocalPowerControl_App\Obj\stm32f1xx_hal_pwr.o
#        D:\seo\isenteck\해상풍력통합관제시스템\로컬전원장치\LocalPowerControl_App\EWARM\LocalPowerControl_App\Obj\stm32f1xx_hal_rcc.o
#        D:\seo\isenteck\해상풍력통합관제시스템\로컬전원장치\LocalPowerControl_App\EWARM\LocalPowerControl_App\Obj\stm32f1xx_hal_rcc_ex.o
#        D:\seo\isenteck\해상풍력통합관제시스템\로컬전원장치\LocalPowerControl_App\EWARM\LocalPowerControl_App\Obj\stm32f1xx_hal_tim.o
#        D:\seo\isenteck\해상풍력통합관제시스템\로컬전원장치\LocalPowerControl_App\EWARM\LocalPowerControl_App\Obj\stm32f1xx_hal_tim_ex.o
#        D:\seo\isenteck\해상풍력통합관제시스템\로컬전원장치\LocalPowerControl_App\EWARM\LocalPowerControl_App\Obj\stm32f1xx_hal_uart.o
#        D:\seo\isenteck\해상풍력통합관제시스템\로컬전원장치\LocalPowerControl_App\EWARM\LocalPowerControl_App\Obj\stm32f1xx_it.o
#        D:\seo\isenteck\해상풍력통합관제시스템\로컬전원장치\LocalPowerControl_App\EWARM\LocalPowerControl_App\Obj\system_stm32f1xx.o
#        --redirect _Printf=_PrintfFull --redirect _Scanf=_ScanfFull -o
#        D:\seo\isenteck\해상풍력통합관제시스템\로컬전원장치\LocalPowerControl_App\EWARM\LocalPowerControl_App\Exe\LocalPowerControl_App.out
#        --map
#        D:\seo\isenteck\해상풍력통합관제시스템\로컬전원장치\LocalPowerControl_App\EWARM\LocalPowerControl_App\List\LocalPowerControl_App.map
#        --config
#        D:\seo\isenteck\해상풍력통합관제시스템\로컬전원장치\LocalPowerControl_App\EWARM/stm32f103xe_flash.icf
#        --semihosting --entry __iar_program_start --vfe
#
###############################################################################

*******************************************************************************
*** RUNTIME MODEL ATTRIBUTES
***

CppFlavor       = *
__SystemLibrary = DLib


*******************************************************************************
*** PLACEMENT SUMMARY
***

"A0":  place at 0x08007000 { ro section .intvec };
"A1":  place at 0x08007800 { ro section .Ver_Info };
"P1":  place in [from 0x08007000 to 0x08042fff] { ro };
"P2":  place in [from 0x20000000 to 0x2000ffff] { rw, block CSTACK, block HEAP };
do not initialize { section .App_Start };
initialize by copy { rw };
 { section .Ver_Info };
 { section .App_Start };

  Section            Kind        Address    Size  Object
  -------            ----        -------    ----  ------
"A0":                                      0x130
  .intvec            ro code  0x08007000   0x130  startup_stm32f103xe.o [1]
                            - 0x08007130   0x130

"P1", part 1 of 2:                          0xc3
  .rodata            const    0x08007130     0x0  zero_init3.o [5]
  .rodata            const    0x08007130     0x0  packbits_init_single.o [5]
  Initializer bytes  const    0x08007130    0xc3  <for P2-1>
                            - 0x080071f3    0xc3

"A1":                                        0x8
  .Ver_Info          const    0x08007800     0x8  main.o [1]
                            - 0x08007808     0x8

"P1", part 2 of 2:                        0x46fc
  .text              ro code  0x08007808  0x1676  main.o [1]
  .rodata            const    0x08008e7e     0x2  stm32f1xx_hal_rcc.o [1]
  .text              ro code  0x08008e80   0x690  stm32f1xx_hal_uart.o [1]
  .text              ro code  0x08009510    0x28  stm32f1xx_hal.o [1]
  .text              ro code  0x08009538   0x34c  stm32f1xx_hal_gpio.o [1]
  .text              ro code  0x08009884   0x450  stm32f1xx_hal_tim.o [1]
  .text              ro code  0x08009cd4     0x6  ABImemclr4.o [5]
  .text              ro code  0x08009cdc   0x720  stm32f1xx_hal_rcc.o [1]
  .text              ro code  0x0800a3fc    0x5e  stm32f1xx_hal_iwdg.o [1]
  .text              ro code  0x0800a45c    0x5c  stm32f1xx_hal_tim_ex.o [1]
  .text              ro code  0x0800a4b8   0x1f4  stm32f1xx_hal_flash.o [1]
  .text              ro code  0x0800a6ac   0x748  eeprom.o [1]
  .text              ro code  0x0800adf4    0x1c  I32ToDbl.o [4]
  .text              ro code  0x0800ae10   0x1a2  DblMul.o [4]
  .text              ro code  0x0800afb4    0xe8  DblAdd.o [4]
  .text              ro code  0x0800b09c    0x4c  DblToI32.o [4]
  .text              ro code  0x0800b0e8   0x256  DblDiv.o [4]
  .text              ro code  0x0800b340   0x164  stm32f1xx_hal_cortex.o [1]
  .text              ro code  0x0800b4a4   0x1cc  stm32f1xx_hal_msp.o [1]
  .text              ro code  0x0800b670     0xc  stm32f1xx_hal.o [1]
  .text              ro code  0x0800b67c   0x1f8  stm32f1xx_hal_dma.o [1]
  .text              ro code  0x0800b874     0x2  stm32f1xx_hal_uart.o [1]
  .text              ro code  0x0800b876     0x2  stm32f1xx_hal_uart.o [1]
  .text              ro code  0x0800b878    0x4c  stm32f1xx_hal.o [1]
  .text              ro code  0x0800b8c4     0x2  stm32f1xx_hal_tim.o [1]
  .text              ro code  0x0800b8c6     0x2  stm32f1xx_hal_tim.o [1]
  .text              ro code  0x0800b8c8     0x2  stm32f1xx_hal_tim.o [1]
  .text              ro code  0x0800b8ca     0x2  stm32f1xx_hal_tim_ex.o [1]
  .text              ro code  0x0800b8cc     0x2  stm32f1xx_hal_tim.o [1]
  .text              ro code  0x0800b8ce     0x2  stm32f1xx_hal_tim_ex.o [1]
  .text              ro code  0x0800b8d0    0x32  ABImemset48.o [5]
  .text              ro code  0x0800b904    0x56  ABImemcpy_unaligned.o [5]
  .text              ro code  0x0800b95c    0x1e  U64Shr.o [5]
  .text              ro code  0x0800b97c   0x114  stm32f1xx_hal_flash_ex.o [1]
  .text              ro code  0x0800ba90   0x16c  DblSub.o [4]
  .text              ro code  0x0800bbfc    0x68  system_stm32f1xx.o [1]
  .text              ro code  0x0800bc64    0x50  stm32f1xx_it.o [1]
  .text              ro code  0x0800bcb4    0x18  stm32f1xx_hal.o [1]
  .text              ro code  0x0800bccc    0x40  zero_init3.o [5]
  .text              ro code  0x0800bd0c    0x38  packbits_init_single.o [5]
  .text              ro code  0x0800bd44    0x28  data_init.o [5]
  .iar.init_table    const    0x0800bd6c    0x20  - Linker created -
  .text              ro code  0x0800bd8c    0x1a  cmain.o [5]
  .text              ro code  0x0800bda6     0x4  low_level_init.o [3]
  .text              ro code  0x0800bdaa     0x4  exit.o [3]
  .text              ro code  0x0800bdb0     0xa  cexit.o [5]
  .text              ro code  0x0800bdbc    0x14  exit.o [6]
  .rodata            const    0x0800bdd0    0x10  stm32f1xx_hal_rcc.o [1]
  .rodata            const    0x0800bde0    0x10  system_stm32f1xx.o [1]
  .text              ro code  0x0800bdf0    0x10  startup_stm32f103xe.o [1]
  .text              ro code  0x0800be00     0xc  cstartup_M.o [5]
  .rodata            const    0x0800be0c     0x8  main.o [1]
  .rodata            const    0x0800be14     0x8  main.o [1]
  .rodata            const    0x0800be1c     0x8  system_stm32f1xx.o [1]
  .text              ro code  0x0800be24     0x4  startup_stm32f103xe.o [1]
  .text              ro code  0x0800be28     0x4  startup_stm32f103xe.o [1]
  .text              ro code  0x0800be2c     0x4  startup_stm32f103xe.o [1]
  .text              ro code  0x0800be30     0x4  startup_stm32f103xe.o [1]
  .text              ro code  0x0800be34     0x4  startup_stm32f103xe.o [1]
  .text              ro code  0x0800be38     0x4  startup_stm32f103xe.o [1]
  .text              ro code  0x0800be3c     0x4  startup_stm32f103xe.o [1]
  .text              ro code  0x0800be40     0x4  startup_stm32f103xe.o [1]
  .text              ro code  0x0800be44     0x4  startup_stm32f103xe.o [1]
  .text              ro code  0x0800be48     0x4  startup_stm32f103xe.o [1]
  .text              ro code  0x0800be4c     0x4  startup_stm32f103xe.o [1]
  .text              ro code  0x0800be50     0x4  startup_stm32f103xe.o [1]
  .text              ro code  0x0800be54     0x4  startup_stm32f103xe.o [1]
  .text              ro code  0x0800be58     0x4  startup_stm32f103xe.o [1]
  .text              ro code  0x0800be5c     0x4  startup_stm32f103xe.o [1]
  .text              ro code  0x0800be60     0x4  startup_stm32f103xe.o [1]
  .text              ro code  0x0800be64     0x4  startup_stm32f103xe.o [1]
  .text              ro code  0x0800be68     0x4  startup_stm32f103xe.o [1]
  .text              ro code  0x0800be6c     0x4  startup_stm32f103xe.o [1]
  .text              ro code  0x0800be70     0x4  startup_stm32f103xe.o [1]
  .text              ro code  0x0800be74     0x4  startup_stm32f103xe.o [1]
  .text              ro code  0x0800be78     0x4  startup_stm32f103xe.o [1]
  .text              ro code  0x0800be7c     0x4  startup_stm32f103xe.o [1]
  .text              ro code  0x0800be80     0x4  startup_stm32f103xe.o [1]
  .text              ro code  0x0800be84     0x4  startup_stm32f103xe.o [1]
  .text              ro code  0x0800be88     0x4  startup_stm32f103xe.o [1]
  .text              ro code  0x0800be8c     0x4  startup_stm32f103xe.o [1]
  .text              ro code  0x0800be90     0x4  startup_stm32f103xe.o [1]
  .text              ro code  0x0800be94     0x4  startup_stm32f103xe.o [1]
  .text              ro code  0x0800be98     0x4  startup_stm32f103xe.o [1]
  .text              ro code  0x0800be9c     0x4  startup_stm32f103xe.o [1]
  .text              ro code  0x0800bea0     0x4  startup_stm32f103xe.o [1]
  .text              ro code  0x0800bea4     0x4  startup_stm32f103xe.o [1]
  .text              ro code  0x0800bea8     0x4  startup_stm32f103xe.o [1]
  .text              ro code  0x0800beac     0x4  startup_stm32f103xe.o [1]
  .text              ro code  0x0800beb0     0x4  startup_stm32f103xe.o [1]
  .text              ro code  0x0800beb4     0x4  startup_stm32f103xe.o [1]
  .text              ro code  0x0800beb8     0x4  startup_stm32f103xe.o [1]
  .text              ro code  0x0800bebc     0x4  startup_stm32f103xe.o [1]
  .text              ro code  0x0800bec0     0x4  startup_stm32f103xe.o [1]
  .text              ro code  0x0800bec4     0x4  startup_stm32f103xe.o [1]
  .text              ro code  0x0800bec8     0x4  startup_stm32f103xe.o [1]
  .text              ro code  0x0800becc     0x4  startup_stm32f103xe.o [1]
  .text              ro code  0x0800bed0     0x4  startup_stm32f103xe.o [1]
  .text              ro code  0x0800bed4     0x4  startup_stm32f103xe.o [1]
  .text              ro code  0x0800bed8     0x4  startup_stm32f103xe.o [1]
  .text              ro code  0x0800bedc     0x4  startup_stm32f103xe.o [1]
  .text              ro code  0x0800bee0     0x4  startup_stm32f103xe.o [1]
  .text              ro code  0x0800bee4     0x4  startup_stm32f103xe.o [1]
  .text              ro code  0x0800bee8     0x4  startup_stm32f103xe.o [1]
  .text              ro code  0x0800beec     0x4  startup_stm32f103xe.o [1]
  .text              ro code  0x0800bef0     0x4  startup_stm32f103xe.o [1]
  .text              ro code  0x0800bef4     0x4  startup_stm32f103xe.o [1]
  .text              ro code  0x0800bef8     0x4  startup_stm32f103xe.o [1]
  .text              ro code  0x0800befc     0x4  startup_stm32f103xe.o [1]
  .text              ro code  0x0800bf00     0x4  startup_stm32f103xe.o [1]
                            - 0x0800bf04  0x46fc

"P2", part 1 of 3:                         0x13d
  P2-1                        0x20000000   0x13d  <Init block>
    .data            inited   0x20000000     0x4  main.o [1]
    .data            inited   0x20000004    0x20  main.o [1]
    .data            inited   0x20000024    0x10  main.o [1]
    .data            inited   0x20000034    0x80  main.o [1]
    .data            inited   0x200000b4    0x80  main.o [1]
    .data            inited   0x20000134     0x4  stm32f1xx_hal.o [1]
    .data            inited   0x20000138     0x4  system_stm32f1xx.o [1]
    .data            inited   0x2000013c     0x1  stm32f1xx_hal.o [1]
                            - 0x2000013d   0x13d

"P2", part 2 of 3:                         0x410
  .App_Start         uninit   0x20000140     0xc  main.o [1]
  CSTACK                      0x20000150   0x400  <Block>
    CSTACK           uninit   0x20000150   0x400  <Block tail>
                            - 0x20000550   0x410

"P2", part 3 of 3:                         0xac4
  .bss               zero     0x20000550   0x810  main.o [1]
  .bss               zero     0x20000d60    0x64  main.o [1]
  .bss               zero     0x20000dc4    0x64  main.o [1]
  .bss               zero     0x20000e28    0x40  main.o [1]
  .bss               zero     0x20000e68    0x40  main.o [1]
  .bss               zero     0x20000ea8    0x40  main.o [1]
  .bss               zero     0x20000ee8    0x40  main.o [1]
  .bss               zero     0x20000f28    0x28  main.o [1]
  .bss               zero     0x20000f50    0x28  main.o [1]
  .bss               zero     0x20000f78    0x20  stm32f1xx_hal_flash.o [1]
  .bss               zero     0x20000f98    0x14  main.o [1]
  .bss               zero     0x20000fac     0x4  main.o [1]
  .bss               zero     0x20000fb0     0x8  main.o [1]
  .bss               zero     0x20000fb8     0x8  main.o [1]
  .bss               zero     0x20000fc0     0x4  main.o [1]
  .bss               zero     0x20000fc4     0x4  main.o [1]
  .bss               zero     0x20000fc8     0x4  main.o [1]
  .bss               zero     0x20000fcc     0x4  main.o [1]
  .bss               zero     0x20000fd0     0x4  main.o [1]
  .bss               zero     0x20000fd4     0x4  main.o [1]
  .bss               zero     0x20000fd8     0x4  main.o [1]
  .bss               zero     0x20000fdc     0x4  main.o [1]
  .bss               zero     0x20000fe0     0x4  main.o [1]
  .bss               zero     0x20000fe4     0x4  main.o [1]
  .bss               zero     0x20000fe8     0x4  stm32f1xx_hal.o [1]
  .bss               zero     0x20000fec     0x2  eeprom.o [1]
  .bss               zero     0x20000fee     0x2  main.o [1]
  .bss               zero     0x20000ff0     0x2  main.o [1]
  .bss               zero     0x20000ff2     0x2  main.o [1]
  .bss               zero     0x20000ff4     0x2  main.o [1]
  .bss               zero     0x20000ff6     0x2  main.o [1]
  .bss               zero     0x20000ff8     0x2  main.o [1]
  .bss               zero     0x20000ffa     0x2  main.o [1]
  .bss               zero     0x20000ffc     0x2  main.o [1]
  .bss               zero     0x20000ffe     0x2  main.o [1]
  .bss               zero     0x20001000     0x1  main.o [1]
  .bss               zero     0x20001001     0x1  main.o [1]
  .bss               zero     0x20001002     0x1  main.o [1]
  .bss               zero     0x20001003     0x1  main.o [1]
  .bss               zero     0x20001004     0x1  main.o [1]
  .bss               zero     0x20001005     0x1  main.o [1]
  .bss               zero     0x20001006     0x1  main.o [1]
  .bss               zero     0x20001007     0x1  main.o [1]
  .bss               zero     0x20001008     0x1  main.o [1]
  .bss               zero     0x20001009     0x1  main.o [1]
  .bss               zero     0x2000100a     0x1  main.o [1]
  .bss               zero     0x2000100b     0x1  main.o [1]
  .bss               zero     0x2000100c     0x1  main.o [1]
  .bss               zero     0x2000100d     0x1  main.o [1]
  .bss               zero     0x2000100e     0x1  main.o [1]
  .bss               zero     0x2000100f     0x1  main.o [1]
  .bss               zero     0x20001010     0x1  main.o [1]
                            - 0x20001011   0xac1


*******************************************************************************
*** INIT TABLE
***

          Address     Size
          -------     ----
Zero (__iar_zero_init3)
    1 destination range, total size 0xac1:
          0x20000550  0xac1

Copy/packbits (__iar_packbits_init_single3)
    1 source range, total size 0xc3 (61% of destination):
          0x08007130   0xc3
    1 destination range, total size 0x13d:
          0x20000000  0x13d



*******************************************************************************
*** MODULE SUMMARY
***

    Module                    ro code  ro data  rw data
    ------                    -------  -------  -------
D:\seo\isenteck\해상풍력통합관제시스템\로컬전원장치\LocalPowerControl_App\EWARM\LocalPowerControl_App\Obj: [1]
    eeprom.o                    1 864                 2
    main.o                      5 750      213    3 035
    startup_stm32f103xe.o         544
    stm32f1xx_hal.o               152        2        9
    stm32f1xx_hal_cortex.o        356
    stm32f1xx_hal_dma.o           504
    stm32f1xx_hal_flash.o         500                32
    stm32f1xx_hal_flash_ex.o      276
    stm32f1xx_hal_gpio.o          844
    stm32f1xx_hal_iwdg.o           94
    stm32f1xx_hal_msp.o           460
    stm32f1xx_hal_rcc.o         1 824       18
    stm32f1xx_hal_tim.o         1 112
    stm32f1xx_hal_tim_ex.o         96
    stm32f1xx_hal_uart.o        1 684
    stm32f1xx_it.o                 80
    system_stm32f1xx.o            104       27        4
    ---------------------------------------------------
    Total:                     16 244      260    3 082

command line: [2]
    ---------------------------------------------------
    Total:

dl7M_tlf.a: [3]
    exit.o                          4
    low_level_init.o                4
    ---------------------------------------------------
    Total:                          8

m7M_tl.a: [4]
    DblAdd.o                      232
    DblDiv.o                      598
    DblMul.o                      418
    DblSub.o                      364
    DblToI32.o                     76
    I32ToDbl.o                     28
    ---------------------------------------------------
    Total:                      1 716

rt7M_tl.a: [5]
    ABImemclr4.o                    6
    ABImemcpy_unaligned.o          86
    ABImemset48.o                  50
    U64Shr.o                       30
    cexit.o                        10
    cmain.o                        26
    cstartup_M.o                   12
    data_init.o                    40
    packbits_init_single.o         56
    zero_init3.o                   64
    ---------------------------------------------------
    Total:                        380

shb_l.a: [6]
    exit.o                         20
    ---------------------------------------------------
    Total:                         20

    Gaps                           18
    Linker created                          33    1 024
-------------------------------------------------------
    Grand Total:               18 386      293    4 106


*******************************************************************************
*** ENTRY LIST
***

Entry                      Address   Size  Type      Object
-----                      -------   ----  ----      ------
.iar.init_table$$Base   0x0800bd6c          --   Gb  - Linker created -
.iar.init_table$$Limit  0x0800bd8c          --   Gb  - Linker created -
?main                   0x0800bd8d         Code  Gb  cmain.o [5]
AHBPrescTable           0x0800bde0   0x10  Data  Gb  system_stm32f1xx.o [1]
APBPrescTable           0x0800be1c    0x8  Data  Gb  system_stm32f1xx.o [1]
BusFault_Handler        0x0800bc6b    0x2  Code  Gb  stm32f1xx_it.o [1]
CSTACK$$Base            0x20000150          --   Gb  - Linker created -
CSTACK$$Limit           0x20000550          --   Gb  - Linker created -
ChannelRelayState       0x2000100c    0x1  Data  Gb  main.o [1]
Channel_Relay_Cont      0x080084c9   0x2c  Code  Gb  main.o [1]
DataVar                 0x20000fec    0x2  Data  Gb  eeprom.o [1]
DebugMon_Handler        0x0800bc71    0x2  Code  Gb  stm32f1xx_it.o [1]
Delay10us               0x08008053   0x2a  Code  Gb  main.o [1]
EE_FindValidPage        0x0800aba3   0x6c  Code  Lc  eeprom.o [1]
EE_Format               0x0800ab29   0x7a  Code  Lc  eeprom.o [1]
EE_Init                 0x0800a6ad  0x3a2  Code  Gb  eeprom.o [1]
EE_PageTransfer         0x0800aca5  0x12e  Code  Lc  eeprom.o [1]
EE_ReadVariable         0x0800aa7b   0x7e  Code  Gb  eeprom.o [1]
EE_VerifyPageFullWriteVariable
                        0x0800ac0f   0x96  Code  Lc  eeprom.o [1]
EE_VerifyPageFullyErased
                        0x0800aa4f   0x2c  Code  Lc  eeprom.o [1]
EE_WriteVariable        0x0800aaf9   0x30  Code  Gb  eeprom.o [1]
Eeprom_Check_Init       0x08007f97   0x84  Code  Gb  main.o [1]
Eeprom_Read             0x0800801b   0x16  Code  Gb  main.o [1]
Eeprom_Write            0x08008031   0x22  Code  Gb  main.o [1]
Error_Handler           0x08008e7d    0x2  Code  Gb  main.o [1]
FLASH_MassErase         0x0800ba35   0x2a  Code  Lc  stm32f1xx_hal_flash_ex.o [1]
FLASH_PageErase         0x0800ba5f   0x24  Code  Gb  stm32f1xx_hal_flash_ex.o [1]
FLASH_Program_HalfWord  0x0800a5ad   0x16  Code  Lc  stm32f1xx_hal_flash.o [1]
FLASH_SetErrorCode      0x0800a61f   0x6e  Code  Lc  stm32f1xx_hal_flash.o [1]
FLASH_WaitForLastOperation
                        0x0800a5c3   0x5c  Code  Gb  stm32f1xx_hal_flash.o [1]
GpioModeChange          0x0800807d   0x38  Code  Gb  main.o [1]
HAL_DMA_Abort_IT        0x0800b67d  0x1be  Code  Gb  stm32f1xx_hal_dma.o [1]
HAL_FLASHEx_Erase       0x0800b97d   0xb8  Code  Gb  stm32f1xx_hal_flash_ex.o [1]
HAL_FLASH_Lock          0x0800a59d   0x10  Code  Gb  stm32f1xx_hal_flash.o [1]
HAL_FLASH_Program       0x0800a4b9   0xbe  Code  Gb  stm32f1xx_hal_flash.o [1]
HAL_FLASH_Unlock        0x0800a577   0x26  Code  Gb  stm32f1xx_hal_flash.o [1]
HAL_GPIO_Init           0x08009539  0x2d6  Code  Gb  stm32f1xx_hal_gpio.o [1]
HAL_GPIO_ReadPin        0x0800980f   0x18  Code  Gb  stm32f1xx_hal_gpio.o [1]
HAL_GPIO_WritePin       0x08009827   0x14  Code  Gb  stm32f1xx_hal_gpio.o [1]
HAL_GetTick             0x0800b671    0xc  Code  Wk  stm32f1xx_hal.o [1]
HAL_IWDG_Init           0x0800a3fd   0x50  Code  Gb  stm32f1xx_hal_iwdg.o [1]
HAL_IWDG_Refresh        0x0800a44d    0xe  Code  Gb  stm32f1xx_hal_iwdg.o [1]
HAL_IncTick             0x0800bcb5   0x18  Code  Wk  stm32f1xx_hal.o [1]
HAL_Init                0x08009511   0x22  Code  Gb  stm32f1xx_hal.o [1]
HAL_InitTick            0x0800b879   0x4c  Code  Wk  stm32f1xx_hal.o [1]
HAL_MspInit             0x0800b4a5   0x44  Code  Gb  stm32f1xx_hal_msp.o [1]
HAL_NVIC_EnableIRQ      0x0800b45f    0xe  Code  Gb  stm32f1xx_hal_cortex.o [1]
HAL_NVIC_SetPriority    0x0800b439   0x26  Code  Gb  stm32f1xx_hal_cortex.o [1]
HAL_NVIC_SetPriorityGrouping
                        0x0800b42d    0xc  Code  Gb  stm32f1xx_hal_cortex.o [1]
HAL_NVIC_SystemReset    0x0800b46d    0x8  Code  Gb  stm32f1xx_hal_cortex.o [1]
HAL_RCC_ClockConfig     0x0800a133  0x1b0  Code  Gb  stm32f1xx_hal_rcc.o [1]
HAL_RCC_GetHCLKFreq     0x0800a35b    0x6  Code  Gb  stm32f1xx_hal_rcc.o [1]
HAL_RCC_GetPCLK1Freq    0x0800a361   0x16  Code  Gb  stm32f1xx_hal_rcc.o [1]
HAL_RCC_GetPCLK2Freq    0x0800a377   0x16  Code  Gb  stm32f1xx_hal_rcc.o [1]
HAL_RCC_GetSysClockFreq
                        0x0800a2e3   0x78  Code  Gb  stm32f1xx_hal_rcc.o [1]
HAL_RCC_OscConfig       0x08009cdd  0x456  Code  Gb  stm32f1xx_hal_rcc.o [1]
HAL_SYSTICK_Config      0x0800b475    0xc  Code  Gb  stm32f1xx_hal_cortex.o [1]
HAL_TIMEx_BreakCallback
                        0x0800b8cb    0x2  Code  Wk  stm32f1xx_hal_tim_ex.o [1]
HAL_TIMEx_CommutationCallback
                        0x0800b8cf    0x2  Code  Wk  stm32f1xx_hal_tim_ex.o [1]
HAL_TIMEx_MasterConfigSynchronization
                        0x0800a45d   0x5a  Code  Gb  stm32f1xx_hal_tim_ex.o [1]
HAL_TIM_Base_Init       0x08009885   0x38  Code  Gb  stm32f1xx_hal_tim.o [1]
HAL_TIM_Base_MspInit    0x0800b4e9   0x6a  Code  Gb  stm32f1xx_hal_msp.o [1]
HAL_TIM_Base_Start_IT   0x080098f3   0x1e  Code  Gb  stm32f1xx_hal_tim.o [1]
HAL_TIM_Base_Stop       0x080098bd   0x36  Code  Gb  stm32f1xx_hal_tim.o [1]
HAL_TIM_ConfigClockSource
                        0x08009a87  0x11e  Code  Gb  stm32f1xx_hal_tim.o [1]
HAL_TIM_IC_CaptureCallback
                        0x0800b8c5    0x2  Code  Wk  stm32f1xx_hal_tim.o [1]
HAL_TIM_IRQHandler      0x08009911  0x176  Code  Gb  stm32f1xx_hal_tim.o [1]
HAL_TIM_OC_DelayElapsedCallback
                        0x0800b8c7    0x2  Code  Wk  stm32f1xx_hal_tim.o [1]
HAL_TIM_PWM_PulseFinishedCallback
                        0x0800b8c9    0x2  Code  Wk  stm32f1xx_hal_tim.o [1]
HAL_TIM_PeriodElapsedCallback
                        0x08007809  0x118  Code  Gb  main.o [1]
HAL_TIM_TriggerCallback
                        0x0800b8cd    0x2  Code  Wk  stm32f1xx_hal_tim.o [1]
HAL_UART_ErrorCallback  0x0800b875    0x2  Code  Wk  stm32f1xx_hal_uart.o [1]
HAL_UART_IRQHandler     0x08009045  0x146  Code  Gb  stm32f1xx_hal_uart.o [1]
HAL_UART_Init           0x08008e81   0x76  Code  Gb  stm32f1xx_hal_uart.o [1]
HAL_UART_MspInit        0x0800b553   0xfc  Code  Gb  stm32f1xx_hal_msp.o [1]
HAL_UART_Receive_IT     0x08008fd5   0x70  Code  Gb  stm32f1xx_hal_uart.o [1]
HAL_UART_RxCpltCallback
                        0x08007921   0x9a  Code  Gb  main.o [1]
HAL_UART_Transmit       0x08008ef7   0xde  Code  Gb  stm32f1xx_hal_uart.o [1]
HAL_UART_TxCpltCallback
                        0x0800b877    0x2  Code  Wk  stm32f1xx_hal_uart.o [1]
HardFault_Handler       0x0800bc67    0x2  Code  Gb  stm32f1xx_it.o [1]
Humidity                0x20000ffc    0x2  Data  Gb  main.o [1]
HumidityRaw             0x20000fb8    0x8  Data  Gb  main.o [1]
InputNow                0x20000fe4    0x4  Data  Gb  main.o [1]
InputOld                0x20000fe0    0x4  Data  Gb  main.o [1]
InputScanState          0x2000100d    0x1  Data  Gb  main.o [1]
Input_Scan              0x08008555   0x94  Code  Gb  main.o [1]
LedCnt                  0x2000100f    0x1  Data  Gb  main.o [1]
LedForChannel_Display   0x08008679   0xba  Code  Gb  main.o [1]
LedForChannel_OnOff     0x20001010    0x1  Data  Gb  main.o [1]
LedPin                  0x20000024   0x10  Data  Gb  main.o [1]
LedPort                 0x20000004   0x20  Data  Gb  main.o [1]
Led_Cont                0x080084f9   0x18  Code  Gb  main.o [1]
MCU_Status_Led_Cont     0x080085f9   0x7a  Code  Gb  main.o [1]
MX_GPIO_Init            0x08007d9b  0x1fc  Code  Lc  main.o [1]
MX_IWDG_Init            0x08007b99   0x30  Code  Lc  main.o [1]
MX_TIM2_Init            0x08007bc9   0x92  Code  Lc  main.o [1]
MX_TIM3_Init            0x08007c5b   0x90  Code  Lc  main.o [1]
MX_UART4_Init           0x08007ceb   0x58  Code  Lc  main.o [1]
MX_USART3_UART_Init     0x08007d43   0x58  Code  Lc  main.o [1]
McuStatusLedState       0x20001000    0x1  Data  Gb  main.o [1]
MemManage_Handler       0x0800bc69    0x2  Code  Gb  stm32f1xx_it.o [1]
NMI_Handler             0x0800bc65    0x2  Code  Gb  stm32f1xx_it.o [1]
NVIC_EnableIRQ          0x0800b369   0x14  Code  Lc  stm32f1xx_hal_cortex.o [1]
NVIC_EncodePriority     0x0800b3a3   0x3e  Code  Lc  stm32f1xx_hal_cortex.o [1]
NVIC_GetPriorityGrouping
                        0x0800b35f    0xa  Code  Lc  stm32f1xx_hal_cortex.o [1]
NVIC_SetPriority        0x0800b37d   0x26  Code  Lc  stm32f1xx_hal_cortex.o [1]
NVIC_SetPriorityGrouping
                        0x0800b341   0x1e  Code  Lc  stm32f1xx_hal_cortex.o [1]
NVIC_SystemReset        0x0800b3e1   0x1c  Code  Lc  stm32f1xx_hal_cortex.o [1]
PendSV_Handler          0x0800bc73    0x2  Code  Gb  stm32f1xx_it.o [1]
RCC_Delay               0x0800a38d   0x26  Code  Lc  stm32f1xx_hal_rcc.o [1]
ReadMeasureSht          0x080082e5  0x1da  Code  Gb  main.o [1]
ReadStatusRegSht        0x08008209   0xce  Code  Gb  main.o [1]
Refresh_IWDG            0x08008515   0x1e  Code  Gb  main.o [1]
Region$$Table$$Base     0x0800bd6c          --   Gb  - Linker created -
Region$$Table$$Limit    0x0800bd8c          --   Gb  - Linker created -
SVC_Handler             0x0800bc6f    0x2  Code  Gb  stm32f1xx_it.o [1]
SendCmdSht              0x080080b5  0x154  Code  Gb  main.o [1]
Send_BoardToPc_WithCks  0x08008739   0x58  Code  Gb  main.o [1]
Send_BoardToPwrMon_WithCks
                        0x08008795   0x46  Code  Gb  main.o [1]
ShtCmd                  0x2000100e    0x1  Data  Gb  main.o [1]
ShtStatusReg            0x20000ff8    0x2  Data  Gb  main.o [1]
SysTick_Config          0x0800b3fd   0x30  Code  Lc  stm32f1xx_hal_cortex.o [1]
SysTick_Handler         0x0800bc75    0x8  Code  Gb  stm32f1xx_it.o [1]
SystemClock_Config      0x08007b27   0x72  Code  Gb  main.o [1]
SystemCoreClock         0x20000138    0x4  Data  Gb  system_stm32f1xx.o [1]
SystemInit              0x0800bbfd   0x4c  Code  Gb  system_stm32f1xx.o [1]
TIM2_IRQHandler         0x0800bc7d    0xa  Code  Gb  stm32f1xx_it.o [1]
TIM3_IRQHandler         0x0800bc87    0xa  Code  Gb  stm32f1xx_it.o [1]
TIM_Base_SetConfig      0x08009ba5   0x90  Code  Gb  stm32f1xx_hal_tim.o [1]
TIM_ETR_SetConfig       0x08009cb9   0x1c  Code  Lc  stm32f1xx_hal_tim.o [1]
TIM_ITRx_SetConfig      0x08009ca3   0x16  Code  Lc  stm32f1xx_hal_tim.o [1]
TIM_TI1_ConfigInputStage
                        0x08009c49   0x2c  Code  Lc  stm32f1xx_hal_tim.o [1]
TIM_TI2_ConfigInputStage
                        0x08009c75   0x2e  Code  Lc  stm32f1xx_hal_tim.o [1]
Temperature             0x20000ffa    0x2  Data  Gb  main.o [1]
TemperatureRaw          0x20000fb0    0x8  Data  Gb  main.o [1]
Timer10us               0x20000fdc    0x4  Data  Gb  main.o [1]
Timer1ms                0x20000000    0x4  Data  Gb  main.o [1]
TimerDelay              0x20000fac    0x4  Data  Gb  main.o [1]
TimerInputScan          0x20000fc8    0x4  Data  Gb  main.o [1]
TimerLedForChannel      0x20000fd8    0x4  Data  Gb  main.o [1]
TimerMcuStatusLed       0x20000fcc    0x4  Data  Gb  main.o [1]
TimerRefreshIwdg        0x20000fc4    0x4  Data  Gb  main.o [1]
TimerShtRead            0x20000fc0    0x4  Data  Gb  main.o [1]
TimerUart3Parsing       0x20000fd0    0x4  Data  Gb  main.o [1]
TimerUart4Parsing       0x20000fd4    0x4  Data  Gb  main.o [1]
UART4_IRQHandler        0x0800bc9b    0xa  Code  Gb  stm32f1xx_it.o [1]
UART_DMAAbortOnError    0x0800921d   0x16  Code  Lc  stm32f1xx_hal_uart.o [1]
UART_EndRxTransfer      0x080091fb   0x20  Code  Lc  stm32f1xx_hal_uart.o [1]
UART_EndTransmit_IT     0x080092a3   0x20  Code  Lc  stm32f1xx_hal_uart.o [1]
UART_Receive_IT         0x080092c3   0xae  Code  Lc  stm32f1xx_hal_uart.o [1]
UART_SetConfig          0x08009371  0x198  Code  Lc  stm32f1xx_hal_uart.o [1]
UART_Transmit_IT        0x08009235   0x6e  Code  Lc  stm32f1xx_hal_uart.o [1]
UART_WaitOnFlagUntilTimeout
                        0x0800918b   0x70  Code  Lc  stm32f1xx_hal_uart.o [1]
USART3_IRQHandler       0x0800bc91    0xa  Code  Gb  stm32f1xx_it.o [1]
Uart3Cks                0x20000ff2    0x2  Data  Gb  main.o [1]
Uart3Cmd                0x20001003    0x1  Data  Gb  main.o [1]
Uart3DataBuf            0x20000550  0x810  Data  Gb  main.o [1]
Uart3DataCnt            0x20000ff6    0x2  Data  Gb  main.o [1]
Uart3DataLength         0x20000ff4    0x2  Data  Gb  main.o [1]
Uart3ParsingState       0x20001002    0x1  Data  Gb  main.o [1]
Uart3RxBuf              0x20000dc4   0x64  Data  Gb  main.o [1]
Uart3RxData             0x20001001    0x1  Data  Gb  main.o [1]
Uart3RxRdCnt            0x20000ff0    0x2  Data  Gb  main.o [1]
Uart3RxWrCnt            0x20000fee    0x2  Data  Gb  main.o [1]
Uart3TxBuf              0x20000d60   0x64  Data  Gb  main.o [1]
Uart3_Ethernet_Parsing  0x0800882d  0x44e  Code  Gb  main.o [1]
Uart4Cks                0x20001008    0x1  Data  Gb  main.o [1]
Uart4Cmd                0x2000100b    0x1  Data  Gb  main.o [1]
Uart4DataBuf            0x20000f98   0x14  Data  Gb  main.o [1]
Uart4DataCnt            0x2000100a    0x1  Data  Gb  main.o [1]
Uart4DataLength         0x20001009    0x1  Data  Gb  main.o [1]
Uart4ParsingState       0x20001007    0x1  Data  Gb  main.o [1]
Uart4RxBuf              0x20000f50   0x28  Data  Gb  main.o [1]
Uart4RxData             0x20001006    0x1  Data  Gb  main.o [1]
Uart4RxRdCnt            0x20001005    0x1  Data  Gb  main.o [1]
Uart4RxWrCnt            0x20001004    0x1  Data  Gb  main.o [1]
Uart4TxBuf              0x20000f28   0x28  Data  Gb  main.o [1]
Uart4_PwrMon_Parsing    0x08008c81  0x128  Code  Gb  main.o [1]
UsageFault_Handler      0x0800bc6d    0x2  Code  Gb  stm32f1xx_it.o [1]
VarDataTab              0x200000b4   0x80  Data  Gb  main.o [1]
VarValue                0x20000ffe    0x2  Data  Gb  main.o [1]
VerInfo                 0x08007800    0x8  Data  Gb  main.o [1]
VirtAddVarTab           0x20000034   0x80  Data  Gb  main.o [1]
__aeabi_d2iz            0x0800b09d         Code  Gb  DblToI32.o [4]
__aeabi_dadd            0x0800afb5         Code  Gb  DblAdd.o [4]
__aeabi_ddiv            0x0800b0e9         Code  Gb  DblDiv.o [4]
__aeabi_dmul            0x0800ae11         Code  Gb  DblMul.o [4]
__aeabi_llsr            0x0800b95d         Code  Gb  U64Shr.o [5]
__aeabi_memclr4         0x08009cd5         Code  Gb  ABImemclr4.o [5]
__aeabi_ui2d            0x0800adf5         Code  Gb  I32ToDbl.o [4]
__cmain                 0x0800bd8d         Code  Gb  cmain.o [5]
__exit                  0x0800bdbd   0x14  Code  Gb  exit.o [6]
__iar_Memset4_word      0x0800b8d1         Code  Gb  ABImemset48.o [5]
__iar_Memset8_word      0x0800b8d1         Code  Gb  ABImemset48.o [5]
__iar_d2uiz             0x0800b0c9         Code  Gb  DblToI32.o [4]
__iar_dadd              0x0800afc9         Code  Gb  DblAdd.o [4]
__iar_data_init3        0x0800bd45   0x28  Code  Gb  data_init.o [5]
__iar_dsub              0x0800ba91         Code  Gb  DblSub.o [4]
__iar_dsubStart         0x0800baa3         Code  Gb  DblSub.o [4]
__iar_packbits_init_single3
                        0x0800bd0d   0x38  Code  Gb  packbits_init_single.o [5]
__iar_program_start     0x0800be01         Code  Gb  cstartup_M.o [5]
__iar_ui2d              0x0800adf9         Code  Gb  I32ToDbl.o [4]
__iar_unaligned___aeabi_memcpy4
                        0x0800b905         Code  Gb  ABImemcpy_unaligned.o [5]
__iar_unaligned___aeabi_memcpy8
                        0x0800b905         Code  Gb  ABImemcpy_unaligned.o [5]
__iar_zero_init3        0x0800bccd   0x40  Code  Gb  zero_init3.o [5]
__low_level_init        0x0800bda7    0x4  Code  Gb  low_level_init.o [3]
__vector_table          0x08007000         Data  Gb  startup_stm32f103xe.o [1]
_call_main              0x0800bd99         Code  Gb  cmain.o [5]
_exit                   0x0800bdb1         Code  Gb  cexit.o [5]
_main                   0x0800bda3         Code  Gb  cmain.o [5]
exit                    0x0800bdab    0x4  Code  Gb  exit.o [3]
hiwdg                   0x20000140    0xc  Data  Gb  main.o [1]
htim2                   0x20000e28   0x40  Data  Gb  main.o [1]
htim3                   0x20000e68   0x40  Data  Gb  main.o [1]
huart3                  0x20000ee8   0x40  Data  Gb  main.o [1]
huart4                  0x20000ea8   0x40  Data  Gb  main.o [1]
main                    0x080079bb  0x16c  Code  Gb  main.o [1]
pFlash                  0x20000f78   0x20  Data  Gb  stm32f1xx_hal_flash.o [1]
uwTick                  0x20000fe8    0x4  Data  Gb  stm32f1xx_hal.o [1]
uwTickFreq              0x2000013c    0x1  Data  Gb  stm32f1xx_hal.o [1]
uwTickPrio              0x20000134    0x4  Data  Gb  stm32f1xx_hal.o [1]


[1] = D:\seo\isenteck\해상풍력통합관제시스템\로컬전원장치\LocalPowerControl_App\EWARM\LocalPowerControl_App\Obj
[2] = command line
[3] = dl7M_tlf.a
[4] = m7M_tl.a
[5] = rt7M_tl.a
[6] = shb_l.a

  18 386 bytes of readonly  code memory
     293 bytes of readonly  data memory
   4 106 bytes of readwrite data memory

Errors: none
Warnings: none
